// Jest Snapshot v1, https://goo.gl/fbAQLP

exports[`CitiesPlaceCardList should render correctly 1`] = `ShallowWrapper {}`;
