// Jest Snapshot v1, https://goo.gl/fbAQLP

exports[`CitesList should render correctly 1`] = `ShallowWrapper {}`;
