// Jest Snapshot v1, https://goo.gl/fbAQLP

exports[`OfferDetails should render correctly 1`] = `ShallowWrapper {}`;
