// Jest Snapshot v1, https://goo.gl/fbAQLP

exports[`CititesPlaceCard should render correctly 1`] = `ShallowWrapper {}`;
