// Jest Snapshot v1, https://goo.gl/fbAQLP

exports[`Map sould rendred correctly 1`] = `ReactWrapper {}`;
