// Jest Snapshot v1, https://goo.gl/fbAQLP

exports[`ReviewForm should render correctly 1`] = `ShallowWrapper {}`;
