// Jest Snapshot v1, https://goo.gl/fbAQLP

exports[`NearPlaceCard should render correctly 1`] = `ShallowWrapper {}`;
