// Jest Snapshot v1, https://goo.gl/fbAQLP

exports[`Header should render correctly for guest 1`] = `ShallowWrapper {}`;
