// Jest Snapshot v1, https://goo.gl/fbAQLP

exports[`PlaceCardList should render correctly for cities pages 1`] = `ShallowWrapper {}`;
