// Jest Snapshot v1, https://goo.gl/fbAQLP

exports[`FavoritesPlaceCard should render correctly 1`] = `ShallowWrapper {}`;
