// Jest Snapshot v1, https://goo.gl/fbAQLP

exports[`Main should render correctly with four places 1`] = `ShallowWrapper {}`;

exports[`Main should render correctly with two places 1`] = `ShallowWrapper {}`;
