// Jest Snapshot v1, https://goo.gl/fbAQLP

exports[`NearPlaceCardList should render correctly 1`] = `ShallowWrapper {}`;
