// Jest Snapshot v1, https://goo.gl/fbAQLP

exports[`PropertyMap should render correctly 1`] = `ShallowWrapper {}`;
