// Jest Snapshot v1, https://goo.gl/fbAQLP

exports[`App renderer correctly 1`] = `ShallowWrapper {}`;
