// Jest Snapshot v1, https://goo.gl/fbAQLP

exports[`Review should render correctly 1`] = `ShallowWrapper {}`;
