// Jest Snapshot v1, https://goo.gl/fbAQLP

exports[`CitiesMap should render correctly 1`] = `ShallowWrapper {}`;
