// Jest Snapshot v1, https://goo.gl/fbAQLP

exports[`PlacesSorting should render correctly 1`] = `ShallowWrapper {}`;
