// Jest Snapshot v1, https://goo.gl/fbAQLP

exports[`EmptyMain should render correctly 1`] = `ReactWrapper {}`;
